find: ‘history/*’: Aucun fichier ou dossier de ce type
find: ‘history/*’: Aucun fichier ou dossier de ce type
find: ‘history/*’: Aucun fichier ou dossier de ce type
